// Jest Snapshot v1, https://goo.gl/fbAQLP

exports[`Tests on AppRouter component should render h1 default component 1`] = `
<h1>
  Wait...
</h1>
`;

exports[`Tests on AppRouter component should render private routes 1`] = `
<div>
  <div>
    <nav
      className="navbar navbar-expand-lg navbar-dark bg-dark"
    >
      <a
        className="navbar-brand"
        href="#home"
      >
        Miguel
      </a>
      <button
        aria-controls="responsive-navbar-nav"
        aria-label="Toggle navigation"
        className="navbar-toggler collapsed"
        onClick={[Function]}
        type="button"
      >
        <span
          className="navbar-toggler-icon"
        />
      </button>
      <div
        aria-expanded={null}
        className="navbar-collapse collapse"
        id="responsive-navbar-nav"
      >
        <div
          className="me-auto navbar-nav"
          onKeyDown={[Function]}
        >
          <a
            className="nav-link"
            data-rr-ui-event-key="#features"
            disabled={false}
            href="#features"
            onClick={[Function]}
          >
            Features
          </a>
          <a
            className="nav-link"
            data-rr-ui-event-key="#pricing"
            disabled={false}
            href="#pricing"
            onClick={[Function]}
          >
            Pricing
          </a>
        </div>
        <div
          className="navbar-nav"
          onKeyDown={[Function]}
        >
          <a
            className="nav-link"
            data-rr-ui-event-key="/"
            disabled={false}
            href="/"
            onClick={[Function]}
          >
            More deets
          </a>
          <a
            className="nav-link"
            data-rr-ui-event-key="2"
            disabled={false}
            href="/"
            onClick={[Function]}
          >
            Dank memes
          </a>
          <button
            className="btn btn-outline-danger"
            onClick={[Function]}
          >
            <i
              className="fa-solid fa-arrow-right-from-bracket"
            />
            Logout
          </button>
        </div>
      </div>
    </nav>
    <div
      className="rbc-calendar"
      style={
        Object {
          "height": 700,
        }
      }
    >
      <div
        className="rbc-toolbar"
      >
        <span
          className="rbc-btn-group"
        >
          <button
            onClick={[Function]}
            type="button"
          >
            Today
          </button>
          <button
            onClick={[Function]}
            type="button"
          >
            Back
          </button>
          <button
            onClick={[Function]}
            type="button"
          >
            Next
          </button>
        </span>
        <span
          className="rbc-toolbar-label"
        >
          junio 2022
        </span>
        <span
          className="rbc-btn-group"
        >
          <button
            className="rbc-active"
            key="month"
            onClick={[Function]}
            type="button"
          >
            Month
          </button>
          <button
            className=""
            key="week"
            onClick={[Function]}
            type="button"
          >
            Week
          </button>
          <button
            className=""
            key="day"
            onClick={[Function]}
            type="button"
          >
            Day
          </button>
          <button
            className=""
            key="agenda"
            onClick={[Function]}
            type="button"
          >
            Agenda
          </button>
        </span>
      </div>
      <div
        aria-label="Month View"
        className="rbc-month-view"
        role="table"
      >
        <div
          className="rbc-row rbc-month-header"
          role="row"
        >
          <div
            className="rbc-header"
            key="header_0"
          >
            <span
              aria-sort="none"
              role="columnheader"
            >
              lun.
            </span>
          </div>
          <div
            className="rbc-header"
            key="header_1"
          >
            <span
              aria-sort="none"
              role="columnheader"
            >
              mar.
            </span>
          </div>
          <div
            className="rbc-header"
            key="header_2"
          >
            <span
              aria-sort="none"
              role="columnheader"
            >
              mié.
            </span>
          </div>
          <div
            className="rbc-header"
            key="header_3"
          >
            <span
              aria-sort="none"
              role="columnheader"
            >
              jue.
            </span>
          </div>
          <div
            className="rbc-header"
            key="header_4"
          >
            <span
              aria-sort="none"
              role="columnheader"
            >
              vie.
            </span>
          </div>
          <div
            className="rbc-header"
            key="header_5"
          >
            <span
              aria-sort="none"
              role="columnheader"
            >
              sáb.
            </span>
          </div>
          <div
            className="rbc-header"
            key="header_6"
          >
            <span
              aria-sort="none"
              role="columnheader"
            >
              dom.
            </span>
          </div>
        </div>
        <div
          className="rbc-month-row"
          role="rowgroup"
        >
          <div
            className="rbc-row-bg"
          >
            <div
              className="rbc-day-bg rbc-off-range-bg"
            />
            <div
              className="rbc-day-bg rbc-off-range-bg"
            />
            <div
              className="rbc-day-bg"
            />
            <div
              className="rbc-day-bg"
            />
            <div
              className="rbc-day-bg"
            />
            <div
              className="rbc-day-bg"
            />
            <div
              className="rbc-day-bg rbc-today"
            />
          </div>
          <div
            className="rbc-row-content"
            role="row"
          >
            <div
              className="rbc-row "
            >
              <div
                className="rbc-date-cell rbc-off-range"
                key="header_0"
                role="cell"
              >
                <button
                  className="rbc-button-link"
                  onClick={[Function]}
                  role="cell"
                  type="button"
                >
                  30
                </button>
              </div>
              <div
                className="rbc-date-cell rbc-off-range"
                key="header_1"
                role="cell"
              >
                <button
                  className="rbc-button-link"
                  onClick={[Function]}
                  role="cell"
                  type="button"
                >
                  31
                </button>
              </div>
              <div
                className="rbc-date-cell"
                key="header_2"
                role="cell"
              >
                <button
                  className="rbc-button-link"
                  onClick={[Function]}
                  role="cell"
                  type="button"
                >
                  01
                </button>
              </div>
              <div
                className="rbc-date-cell"
                key="header_3"
                role="cell"
              >
                <button
                  className="rbc-button-link"
                  onClick={[Function]}
                  role="cell"
                  type="button"
                >
                  02
                </button>
              </div>
              <div
                className="rbc-date-cell"
                key="header_4"
                role="cell"
              >
                <button
                  className="rbc-button-link"
                  onClick={[Function]}
                  role="cell"
                  type="button"
                >
                  03
                </button>
              </div>
              <div
                className="rbc-date-cell"
                key="header_5"
                role="cell"
              >
                <button
                  className="rbc-button-link"
                  onClick={[Function]}
                  role="cell"
                  type="button"
                >
                  04
                </button>
              </div>
              <div
                className="rbc-date-cell rbc-now rbc-current"
                key="header_6"
                role="cell"
              >
                <button
                  className="rbc-button-link"
                  onClick={[Function]}
                  role="cell"
                  type="button"
                >
                  05
                </button>
              </div>
            </div>
          </div>
        </div>
        <div
          className="rbc-month-row"
          role="rowgroup"
        >
          <div
            className="rbc-row-bg"
          >
            <div
              className="rbc-day-bg"
            />
            <div
              className="rbc-day-bg"
            />
            <div
              className="rbc-day-bg"
            />
            <div
              className="rbc-day-bg"
            />
            <div
              className="rbc-day-bg"
            />
            <div
              className="rbc-day-bg"
            />
            <div
              className="rbc-day-bg"
            />
          </div>
          <div
            className="rbc-row-content"
            role="row"
          >
            <div
              className="rbc-row "
            >
              <div
                className="rbc-date-cell"
                key="header_0"
                role="cell"
              >
                <button
                  className="rbc-button-link"
                  onClick={[Function]}
                  role="cell"
                  type="button"
                >
                  06
                </button>
              </div>
              <div
                className="rbc-date-cell"
                key="header_1"
                role="cell"
              >
                <button
                  className="rbc-button-link"
                  onClick={[Function]}
                  role="cell"
                  type="button"
                >
                  07
                </button>
              </div>
              <div
                className="rbc-date-cell"
                key="header_2"
                role="cell"
              >
                <button
                  className="rbc-button-link"
                  onClick={[Function]}
                  role="cell"
                  type="button"
                >
                  08
                </button>
              </div>
              <div
                className="rbc-date-cell"
                key="header_3"
                role="cell"
              >
                <button
                  className="rbc-button-link"
                  onClick={[Function]}
                  role="cell"
                  type="button"
                >
                  09
                </button>
              </div>
              <div
                className="rbc-date-cell"
                key="header_4"
                role="cell"
              >
                <button
                  className="rbc-button-link"
                  onClick={[Function]}
                  role="cell"
                  type="button"
                >
                  10
                </button>
              </div>
              <div
                className="rbc-date-cell"
                key="header_5"
                role="cell"
              >
                <button
                  className="rbc-button-link"
                  onClick={[Function]}
                  role="cell"
                  type="button"
                >
                  11
                </button>
              </div>
              <div
                className="rbc-date-cell"
                key="header_6"
                role="cell"
              >
                <button
                  className="rbc-button-link"
                  onClick={[Function]}
                  role="cell"
                  type="button"
                >
                  12
                </button>
              </div>
            </div>
          </div>
        </div>
        <div
          className="rbc-month-row"
          role="rowgroup"
        >
          <div
            className="rbc-row-bg"
          >
            <div
              className="rbc-day-bg"
            />
            <div
              className="rbc-day-bg"
            />
            <div
              className="rbc-day-bg"
            />
            <div
              className="rbc-day-bg"
            />
            <div
              className="rbc-day-bg"
            />
            <div
              className="rbc-day-bg"
            />
            <div
              className="rbc-day-bg"
            />
          </div>
          <div
            className="rbc-row-content"
            role="row"
          >
            <div
              className="rbc-row "
            >
              <div
                className="rbc-date-cell"
                key="header_0"
                role="cell"
              >
                <button
                  className="rbc-button-link"
                  onClick={[Function]}
                  role="cell"
                  type="button"
                >
                  13
                </button>
              </div>
              <div
                className="rbc-date-cell"
                key="header_1"
                role="cell"
              >
                <button
                  className="rbc-button-link"
                  onClick={[Function]}
                  role="cell"
                  type="button"
                >
                  14
                </button>
              </div>
              <div
                className="rbc-date-cell"
                key="header_2"
                role="cell"
              >
                <button
                  className="rbc-button-link"
                  onClick={[Function]}
                  role="cell"
                  type="button"
                >
                  15
                </button>
              </div>
              <div
                className="rbc-date-cell"
                key="header_3"
                role="cell"
              >
                <button
                  className="rbc-button-link"
                  onClick={[Function]}
                  role="cell"
                  type="button"
                >
                  16
                </button>
              </div>
              <div
                className="rbc-date-cell"
                key="header_4"
                role="cell"
              >
                <button
                  className="rbc-button-link"
                  onClick={[Function]}
                  role="cell"
                  type="button"
                >
                  17
                </button>
              </div>
              <div
                className="rbc-date-cell"
                key="header_5"
                role="cell"
              >
                <button
                  className="rbc-button-link"
                  onClick={[Function]}
                  role="cell"
                  type="button"
                >
                  18
                </button>
              </div>
              <div
                className="rbc-date-cell"
                key="header_6"
                role="cell"
              >
                <button
                  className="rbc-button-link"
                  onClick={[Function]}
                  role="cell"
                  type="button"
                >
                  19
                </button>
              </div>
            </div>
          </div>
        </div>
        <div
          className="rbc-month-row"
          role="rowgroup"
        >
          <div
            className="rbc-row-bg"
          >
            <div
              className="rbc-day-bg"
            />
            <div
              className="rbc-day-bg"
            />
            <div
              className="rbc-day-bg"
            />
            <div
              className="rbc-day-bg"
            />
            <div
              className="rbc-day-bg"
            />
            <div
              className="rbc-day-bg"
            />
            <div
              className="rbc-day-bg"
            />
          </div>
          <div
            className="rbc-row-content"
            role="row"
          >
            <div
              className="rbc-row "
            >
              <div
                className="rbc-date-cell"
                key="header_0"
                role="cell"
              >
                <button
                  className="rbc-button-link"
                  onClick={[Function]}
                  role="cell"
                  type="button"
                >
                  20
                </button>
              </div>
              <div
                className="rbc-date-cell"
                key="header_1"
                role="cell"
              >
                <button
                  className="rbc-button-link"
                  onClick={[Function]}
                  role="cell"
                  type="button"
                >
                  21
                </button>
              </div>
              <div
                className="rbc-date-cell"
                key="header_2"
                role="cell"
              >
                <button
                  className="rbc-button-link"
                  onClick={[Function]}
                  role="cell"
                  type="button"
                >
                  22
                </button>
              </div>
              <div
                className="rbc-date-cell"
                key="header_3"
                role="cell"
              >
                <button
                  className="rbc-button-link"
                  onClick={[Function]}
                  role="cell"
                  type="button"
                >
                  23
                </button>
              </div>
              <div
                className="rbc-date-cell"
                key="header_4"
                role="cell"
              >
                <button
                  className="rbc-button-link"
                  onClick={[Function]}
                  role="cell"
                  type="button"
                >
                  24
                </button>
              </div>
              <div
                className="rbc-date-cell"
                key="header_5"
                role="cell"
              >
                <button
                  className="rbc-button-link"
                  onClick={[Function]}
                  role="cell"
                  type="button"
                >
                  25
                </button>
              </div>
              <div
                className="rbc-date-cell"
                key="header_6"
                role="cell"
              >
                <button
                  className="rbc-button-link"
                  onClick={[Function]}
                  role="cell"
                  type="button"
                >
                  26
                </button>
              </div>
            </div>
          </div>
        </div>
        <div
          className="rbc-month-row"
          role="rowgroup"
        >
          <div
            className="rbc-row-bg"
          >
            <div
              className="rbc-day-bg"
            />
            <div
              className="rbc-day-bg"
            />
            <div
              className="rbc-day-bg"
            />
            <div
              className="rbc-day-bg"
            />
            <div
              className="rbc-day-bg rbc-off-range-bg"
            />
            <div
              className="rbc-day-bg rbc-off-range-bg"
            />
            <div
              className="rbc-day-bg rbc-off-range-bg"
            />
          </div>
          <div
            className="rbc-row-content"
            role="row"
          >
            <div
              className="rbc-row "
            >
              <div
                className="rbc-date-cell"
                key="header_0"
                role="cell"
              >
                <button
                  className="rbc-button-link"
                  onClick={[Function]}
                  role="cell"
                  type="button"
                >
                  27
                </button>
              </div>
              <div
                className="rbc-date-cell"
                key="header_1"
                role="cell"
              >
                <button
                  className="rbc-button-link"
                  onClick={[Function]}
                  role="cell"
                  type="button"
                >
                  28
                </button>
              </div>
              <div
                className="rbc-date-cell"
                key="header_2"
                role="cell"
              >
                <button
                  className="rbc-button-link"
                  onClick={[Function]}
                  role="cell"
                  type="button"
                >
                  29
                </button>
              </div>
              <div
                className="rbc-date-cell"
                key="header_3"
                role="cell"
              >
                <button
                  className="rbc-button-link"
                  onClick={[Function]}
                  role="cell"
                  type="button"
                >
                  30
                </button>
              </div>
              <div
                className="rbc-date-cell rbc-off-range"
                key="header_4"
                role="cell"
              >
                <button
                  className="rbc-button-link"
                  onClick={[Function]}
                  role="cell"
                  type="button"
                >
                  01
                </button>
              </div>
              <div
                className="rbc-date-cell rbc-off-range"
                key="header_5"
                role="cell"
              >
                <button
                  className="rbc-button-link"
                  onClick={[Function]}
                  role="cell"
                  type="button"
                >
                  02
                </button>
              </div>
              <div
                className="rbc-date-cell rbc-off-range"
                key="header_6"
                role="cell"
              >
                <button
                  className="rbc-button-link"
                  onClick={[Function]}
                  role="cell"
                  type="button"
                >
                  03
                </button>
              </div>
            </div>
          </div>
        </div>
      </div>
    </div>
    <Portal
      containerInfo={
        <div
          class="ReactModalPortal"
        />
      }
    />
    <button
      className="btn btn-primary fab"
      onClick={[Function]}
    >
      <i
        className="fas fa-plus"
      />
    </button>
  </div>
</div>
`;

exports[`Tests on AppRouter component should render public routes 1`] = `
<div>
  <div
    className="container mt-5 pt-5"
  >
    <div
      className="row"
    >
      <div
        className="col-md-6 login-form-1"
      >
        <h3>
          Access
        </h3>
        <form
          onSubmit={[Function]}
        >
          <div
            className="form-group"
          >
            <input
              className="form-control"
              name="loginEmail"
              onChange={[Function]}
              placeholder="Email"
              type="text"
              value="email@email.com"
            />
          </div>
          <div
            className="form-group"
          >
            <input
              className="form-control"
              name="loginPassword"
              onChange={[Function]}
              placeholder="Password"
              type="password"
              value="122345"
            />
          </div>
          <div
            className="form-group"
          >
            <input
              className="btnSubmit"
              type="submit"
              value="Login"
            />
          </div>
        </form>
      </div>
      <div
        className="col-md-6 login-form-2"
      >
        <h3>
          Register
        </h3>
        <form
          onSubmit={[Function]}
        >
          <div
            className="form-group"
          >
            <input
              className="form-control"
              name="registerName"
              onChange={[Function]}
              placeholder="Name"
              type="text"
              value="Miguel"
            />
          </div>
          <div
            className="form-group"
          >
            <input
              className="form-control"
              name="registerEmail"
              onChange={[Function]}
              placeholder="Email"
              type="email"
              value="email@email.com"
            />
          </div>
          <div
            className="form-group"
          >
            <input
              className="form-control"
              name="registerPassword"
              onChange={[Function]}
              placeholder="Password"
              type="password"
              value="122345"
            />
          </div>
          <div
            className="form-group"
          >
            <input
              className="form-control"
              name="registerConfirmPassword"
              onChange={[Function]}
              placeholder="Confirm your password"
              type="password"
              value="122345"
            />
          </div>
          <div
            className="form-group"
          >
            <input
              className="btnSubmit"
              type="submit"
              value="Create Account"
            />
          </div>
        </form>
      </div>
    </div>
  </div>
</div>
`;
